// Jest Snapshot v1, https://goo.gl/fbAQLP

exports[`Films list correctly renders 1`] = `
Array [
  <article
    className="small-movie-card catalog__movies-card"
    onMouseOver={[Function]}
  >
    <button
      className="small-movie-card__play-btn"
      onClick={[Function]}
      type="button"
    >
      Play
    </button>
    <div
      className="small-movie-card__image"
    >
      <img
        alt="Fantastic Beasts: The Crimes of Grindelwald"
        src="img/img/fantastic-beasts-the-crimes-of-grindelwald.jpg.jpg"
      />
    </div>
    <h3
      className="small-movie-card__title"
      onClick={[Function]}
    >
      <a
        className="small-movie-card__link"
      >
        Fantastic Beasts: The Crimes of Grindelwald
      </a>
    </h3>
  </article>,
  <article
    className="small-movie-card catalog__movies-card"
    onMouseOver={[Function]}
  >
    <button
      className="small-movie-card__play-btn"
      onClick={[Function]}
      type="button"
    >
      Play
    </button>
    <div
      className="small-movie-card__image"
    >
      <img
        alt="Bohemian Rhapsody"
        src="img/img/bohemian-rhapsody.jpg.jpg"
      />
    </div>
    <h3
      className="small-movie-card__title"
      onClick={[Function]}
    >
      <a
        className="small-movie-card__link"
      >
        Bohemian Rhapsody
      </a>
    </h3>
  </article>,
  <article
    className="small-movie-card catalog__movies-card"
    onMouseOver={[Function]}
  >
    <button
      className="small-movie-card__play-btn"
      onClick={[Function]}
      type="button"
    >
      Play
    </button>
    <div
      className="small-movie-card__image"
    >
      <img
        alt="Macbeth"
        src="img/img/macbeth.jpg.jpg"
      />
    </div>
    <h3
      className="small-movie-card__title"
      onClick={[Function]}
    >
      <a
        className="small-movie-card__link"
      >
        Macbeth
      </a>
    </h3>
  </article>,
  <article
    className="small-movie-card catalog__movies-card"
    onMouseOver={[Function]}
  >
    <button
      className="small-movie-card__play-btn"
      onClick={[Function]}
      type="button"
    >
      Play
    </button>
    <div
      className="small-movie-card__image"
    >
      <img
        alt="Aviator"
        src="img/img/aviator.jpg.jpg"
      />
    </div>
    <h3
      className="small-movie-card__title"
      onClick={[Function]}
    >
      <a
        className="small-movie-card__link"
      >
        Aviator
      </a>
    </h3>
  </article>,
  <article
    className="small-movie-card catalog__movies-card"
    onMouseOver={[Function]}
  >
    <button
      className="small-movie-card__play-btn"
      onClick={[Function]}
      type="button"
    >
      Play
    </button>
    <div
      className="small-movie-card__image"
    >
      <img
        alt="We need to talk about Kevin"
        src="img/img/we-need-to-talk-about-kevin.jpg.jpg"
      />
    </div>
    <h3
      className="small-movie-card__title"
      onClick={[Function]}
    >
      <a
        className="small-movie-card__link"
      >
        We need to talk about Kevin
      </a>
    </h3>
  </article>,
]
`;
